  Determining projects to restore...
  All projects are up-to-date for restore.
C:\Users\STC\GYM_Managment_System\ViewModels\DashboardViewModel.cs(7,10): error CS0246: The type or namespace name 'DisplayAttribute' could not be found (are you missing a using directive or an assembly reference?) [C:\Users\STC\GYM_Managment_System\GymManagementSystem.csproj]
C:\Users\STC\GYM_Managment_System\ViewModels\DashboardViewModel.cs(7,10): error CS0246: The type or namespace name 'Display' could not be found (are you missing a using directive or an assembly reference?) [C:\Users\STC\GYM_Managment_System\GymManagementSystem.csproj]
C:\Users\STC\GYM_Managment_System\ViewModels\DashboardViewModel.cs(10,10): error CS0246: The type or namespace name 'DisplayAttribute' could not be found (are you missing a using directive or an assembly reference?) [C:\Users\STC\GYM_Managment_System\GymManagementSystem.csproj]
C:\Users\STC\GYM_Managment_System\ViewModels\DashboardViewModel.cs(10,10): error CS0246: The type or namespace name 'Display' could not be found (are you missing a using directive or an assembly reference?) [C:\Users\STC\GYM_Managment_System\GymManagementSystem.csproj]
C:\Users\STC\GYM_Managment_System\ViewModels\DashboardViewModel.cs(13,10): error CS0246: The type or namespace name 'DisplayAttribute' could not be found (are you missing a using directive or an assembly reference?) [C:\Users\STC\GYM_Managment_System\GymManagementSystem.csproj]
C:\Users\STC\GYM_Managment_System\ViewModels\DashboardViewModel.cs(13,10): error CS0246: The type or namespace name 'Display' could not be found (are you missing a using directive or an assembly reference?) [C:\Users\STC\GYM_Managment_System\GymManagementSystem.csproj]
C:\Users\STC\GYM_Managment_System\ViewModels\DashboardViewModel.cs(16,10): error CS0246: The type or namespace name 'DisplayAttribute' could not be found (are you missing a using directive or an assembly reference?) [C:\Users\STC\GYM_Managment_System\GymManagementSystem.csproj]
C:\Users\STC\GYM_Managment_System\ViewModels\DashboardViewModel.cs(16,10): error CS0246: The type or namespace name 'Display' could not be found (are you missing a using directive or an assembly reference?) [C:\Users\STC\GYM_Managment_System\GymManagementSystem.csproj]

Build FAILED.

C:\Users\STC\GYM_Managment_System\ViewModels\DashboardViewModel.cs(7,10): error CS0246: The type or namespace name 'DisplayAttribute' could not be found (are you missing a using directive or an assembly reference?) [C:\Users\STC\GYM_Managment_System\GymManagementSystem.csproj]
C:\Users\STC\GYM_Managment_System\ViewModels\DashboardViewModel.cs(7,10): error CS0246: The type or namespace name 'Display' could not be found (are you missing a using directive or an assembly reference?) [C:\Users\STC\GYM_Managment_System\GymManagementSystem.csproj]
C:\Users\STC\GYM_Managment_System\ViewModels\DashboardViewModel.cs(10,10): error CS0246: The type or namespace name 'DisplayAttribute' could not be found (are you missing a using directive or an assembly reference?) [C:\Users\STC\GYM_Managment_System\GymManagementSystem.csproj]
C:\Users\STC\GYM_Managment_System\ViewModels\DashboardViewModel.cs(10,10): error CS0246: The type or namespace name 'Display' could not be found (are you missing a using directive or an assembly reference?) [C:\Users\STC\GYM_Managment_System\GymManagementSystem.csproj]
C:\Users\STC\GYM_Managment_System\ViewModels\DashboardViewModel.cs(13,10): error CS0246: The type or namespace name 'DisplayAttribute' could not be found (are you missing a using directive or an assembly reference?) [C:\Users\STC\GYM_Managment_System\GymManagementSystem.csproj]
C:\Users\STC\GYM_Managment_System\ViewModels\DashboardViewModel.cs(13,10): error CS0246: The type or namespace name 'Display' could not be found (are you missing a using directive or an assembly reference?) [C:\Users\STC\GYM_Managment_System\GymManagementSystem.csproj]
C:\Users\STC\GYM_Managment_System\ViewModels\DashboardViewModel.cs(16,10): error CS0246: The type or namespace name 'DisplayAttribute' could not be found (are you missing a using directive or an assembly reference?) [C:\Users\STC\GYM_Managment_System\GymManagementSystem.csproj]
C:\Users\STC\GYM_Managment_System\ViewModels\DashboardViewModel.cs(16,10): error CS0246: The type or namespace name 'Display' could not be found (are you missing a using directive or an assembly reference?) [C:\Users\STC\GYM_Managment_System\GymManagementSystem.csproj]
    0 Warning(s)
    8 Error(s)

Time Elapsed 00:00:02.30
